// Jest Snapshot v1, https://goo.gl/fbAQLP

exports[`config it shoud match with the default config 1`] = `
Object {
  "default": Object {
    "DEFAULT_DYNAMODB_TABLE": "stackJanitorTable",
    "DEFAULT_EXPIRATION_PERIOD": 604800,
    "DEFAULT_REGION": "ap-southeast-2",
    "DELETE_INTERVAL": 300,
    "DRY_RUN": false,
    "MAX_CLEANUP_RETRY": 5,
  },
}
`;
